// Jest Snapshot v1, https://goo.gl/fbAQLP

exports[`Testing al cliente Es Marco Ruvalcaba 1`] = `
Object {
  "balance": 500,
  "nombre": "Marco Ruv",
  "tipo": "Premium",
}
`;
